[adminbsb-sensitive.firebaseapp.com/index.html]
[backblue.gif]
[fade.gif]
[index.html]
[adminbsb-sensitive.firebaseapp.com/favicon.ico]
[adminbsb-sensitive.firebaseapp.com/assets/plugins/bootstrap/dist/css/bootstrap.css]
[adminbsb-sensitive.firebaseapp.com/assets/plugins/animate-css/animate.css]
[adminbsb-sensitive.firebaseapp.com/assets/plugins/font-awesome/css/font-awesome.min.css]
[adminbsb-sensitive.firebaseapp.com/assets/plugins/iCheck/skins/flat/_all.css]
[adminbsb-sensitive.firebaseapp.com/assets/plugins/switchery/dist/switchery.css]
[adminbsb-sensitive.firebaseapp.com/assets/plugins/metisMenu/dist/metisMenu.css]
[adminbsb-sensitive.firebaseapp.com/assets/plugins/DataTables/media/css/dataTables.bootstrap.css]
[adminbsb-sensitive.firebaseapp.com/assets/plugins/pace/themes/white/pace-theme-flash.css]
[adminbsb-sensitive.firebaseapp.com/assets/css/style.css]
[adminbsb-sensitive.firebaseapp.com/assets/css/themes/allthemes.css]
[adminbsb-sensitive.firebaseapp.com/assets/css/demo/setting-box.css]
[adminbsb-sensitive.firebaseapp.com/index-2.html]
[adminbsb-sensitive.firebaseapp.com/assets/images/avatars/face4.jpg]
[adminbsb-sensitive.firebaseapp.com/assets/images/avatars/face5.jpg]
[adminbsb-sensitive.firebaseapp.com/assets/images/avatars/face6.jpg]
[adminbsb-sensitive.firebaseapp.com/assets/images/avatars/face7.jpg]
[adminbsb-sensitive.firebaseapp.com/assets/images/avatars/face8.jpg]
[adminbsb-sensitive.firebaseapp.com/assets/images/avatars/face9.jpg]
[adminbsb-sensitive.firebaseapp.com/assets/images/avatars/face2.jpg]
[adminbsb-sensitive.firebaseapp.com/pages/miscellaneous/profile.html]
[adminbsb-sensitive.firebaseapp.com/pages/examples/locked-screen.html]
[adminbsb-sensitive.firebaseapp.com/pages/dashboard/dashboard-2.html]
[adminbsb-sensitive.firebaseapp.com/pages/dashboard/dashboard-3.html]
[adminbsb-sensitive.firebaseapp.com/pages/dashboard/dashboard-4.html]
[adminbsb-sensitive.firebaseapp.com/pages/dashboard/dashboard-5.html]
[adminbsb-sensitive.firebaseapp.com/pages/typography.html]
[adminbsb-sensitive.firebaseapp.com/pages/helper-classes.html]
[adminbsb-sensitive.firebaseapp.com/pages/widgets/infobox/infobox-1.html]
[adminbsb-sensitive.firebaseapp.com/pages/widgets/infobox/infobox-2.html]
[adminbsb-sensitive.firebaseapp.com/pages/widgets/infobox/infobox-3.html]
[adminbsb-sensitive.firebaseapp.com/pages/widgets/infobox/infobox-4.html]
[adminbsb-sensitive.firebaseapp.com/pages/widgets/infobox/infobox-5.html]
[adminbsb-sensitive.firebaseapp.com/pages/widgets/panels/basic.html]
[adminbsb-sensitive.firebaseapp.com/pages/widgets/panels/colored.html]
[adminbsb-sensitive.firebaseapp.com/pages/widgets/panels/draggable.html]
[adminbsb-sensitive.firebaseapp.com/pages/widgets/panels/no-header.html]
[adminbsb-sensitive.firebaseapp.com/pages/widgets/panels/panel-with-loading.html]
[adminbsb-sensitive.firebaseapp.com/pages/widgets/weather-station.html]
[adminbsb-sensitive.firebaseapp.com/pages/mailbox/inbox.html]
[adminbsb-sensitive.firebaseapp.com/pages/mailbox/compose-email.html]
[adminbsb-sensitive.firebaseapp.com/pages/mailbox/email-templates.html]
[adminbsb-sensitive.firebaseapp.com/pages/mailbox/email-view.html]
[adminbsb-sensitive.firebaseapp.com/pages/mailbox/outlook-view.html]
[adminbsb-sensitive.firebaseapp.com/pages/ui/accordion.html]
[adminbsb-sensitive.firebaseapp.com/pages/ui/alerts.html]
[adminbsb-sensitive.firebaseapp.com/pages/ui/animations.html]
[adminbsb-sensitive.firebaseapp.com/pages/ui/badges.html]
[adminbsb-sensitive.firebaseapp.com/pages/ui/breadcrumbs.html]
[adminbsb-sensitive.firebaseapp.com/pages/ui/buttons.html]
[adminbsb-sensitive.firebaseapp.com/pages/ui/collapse.html]
[adminbsb-sensitive.firebaseapp.com/pages/ui/colors.html]
[adminbsb-sensitive.firebaseapp.com/pages/ui/icons/font-awesome.html]
[adminbsb-sensitive.firebaseapp.com/pages/ui/icons/google-material-icons.html]
[adminbsb-sensitive.firebaseapp.com/pages/ui/icons/skycons.html]
[adminbsb-sensitive.firebaseapp.com/pages/ui/labels.html]
[adminbsb-sensitive.firebaseapp.com/pages/ui/list-group.html]
[adminbsb-sensitive.firebaseapp.com/pages/ui/media-object.html]
[adminbsb-sensitive.firebaseapp.com/pages/ui/modals.html]
[adminbsb-sensitive.firebaseapp.com/pages/ui/notifications.html]
[adminbsb-sensitive.firebaseapp.com/pages/ui/pagination-pager.html]
[adminbsb-sensitive.firebaseapp.com/pages/ui/progress-bars.html]
[adminbsb-sensitive.firebaseapp.com/pages/ui/sortable-nestable.html]
[adminbsb-sensitive.firebaseapp.com/pages/ui/tabs.html]
[adminbsb-sensitive.firebaseapp.com/pages/ui/thumbnails.html]
[adminbsb-sensitive.firebaseapp.com/pages/ui/tooltips-popovers.html]
[adminbsb-sensitive.firebaseapp.com/pages/ui/video.html]
[adminbsb-sensitive.firebaseapp.com/pages/forms/basic-form-elements.html]
[adminbsb-sensitive.firebaseapp.com/pages/forms/advanced-form-elements.html]
[adminbsb-sensitive.firebaseapp.com/pages/forms/form-examples.html]
[adminbsb-sensitive.firebaseapp.com/pages/forms/form-validation.html]
[adminbsb-sensitive.firebaseapp.com/pages/forms/form-wizard.html]
[adminbsb-sensitive.firebaseapp.com/pages/forms/editors.html]
[adminbsb-sensitive.firebaseapp.com/pages/forms/autocomplete.html]
[adminbsb-sensitive.firebaseapp.com/pages/forms/markdown.html]
[adminbsb-sensitive.firebaseapp.com/pages/forms/image-cropper/image-cropper-1.html]
[adminbsb-sensitive.firebaseapp.com/pages/forms/image-cropper/image-cropper-2.html]
[adminbsb-sensitive.firebaseapp.com/pages/tables/normal-tables.html]
[adminbsb-sensitive.firebaseapp.com/pages/tables/jquery-datatables.html]
[adminbsb-sensitive.firebaseapp.com/pages/tables/editable-table.html]
[adminbsb-sensitive.firebaseapp.com/pages/tables/footable.html]
[adminbsb-sensitive.firebaseapp.com/pages/medias/carousel.html]
[adminbsb-sensitive.firebaseapp.com/pages/medias/content-slider.html]
[adminbsb-sensitive.firebaseapp.com/pages/medias/grid-masonry.html]
[adminbsb-sensitive.firebaseapp.com/pages/medias/image-comparison-slider.html]
[adminbsb-sensitive.firebaseapp.com/pages/medias/lightbox-image-gallery.html]
[adminbsb-sensitive.firebaseapp.com/pages/medias/owl-carousel.html]
[adminbsb-sensitive.firebaseapp.com/pages/charts/morris.html]
[adminbsb-sensitive.firebaseapp.com/pages/charts/flot.html]
[adminbsb-sensitive.firebaseapp.com/pages/charts/chartjs.html]
[adminbsb-sensitive.firebaseapp.com/pages/charts/peity.html]
[adminbsb-sensitive.firebaseapp.com/pages/charts/rickshaw.html]
[adminbsb-sensitive.firebaseapp.com/pages/charts/sparkline.html]
[adminbsb-sensitive.firebaseapp.com/pages/charts/jquery-knob.html]
[adminbsb-sensitive.firebaseapp.com/pages/charts/c3.html]
[adminbsb-sensitive.firebaseapp.com/pages/examples/sign-in.html]
[adminbsb-sensitive.firebaseapp.com/pages/examples/sign-up.html]
[adminbsb-sensitive.firebaseapp.com/pages/examples/forgot-password.html]
[adminbsb-sensitive.firebaseapp.com/pages/examples/blank-page.html]
[adminbsb-sensitive.firebaseapp.com/pages/examples/maintenance.html]
[adminbsb-sensitive.firebaseapp.com/pages/examples/search-result.html]
[adminbsb-sensitive.firebaseapp.com/pages/examples/invoice.html]
[adminbsb-sensitive.firebaseapp.com/pages/examples/timeline.html]
[adminbsb-sensitive.firebaseapp.com/pages/examples/403.html]
[adminbsb-sensitive.firebaseapp.com/pages/examples/404.html]
[adminbsb-sensitive.firebaseapp.com/pages/examples/500.html]
[adminbsb-sensitive.firebaseapp.com/pages/maps/google-maps.html]
[adminbsb-sensitive.firebaseapp.com/pages/maps/yandex-maps.html]
[adminbsb-sensitive.firebaseapp.com/pages/maps/vector-map.html]
[adminbsb-sensitive.firebaseapp.com/pages/miscellaneous/contacts/contact-detail.html]
[adminbsb-sensitive.firebaseapp.com/pages/miscellaneous/contacts/contact-grid.html]
[adminbsb-sensitive.firebaseapp.com/pages/miscellaneous/contacts/contact-list.html]
[adminbsb-sensitive.firebaseapp.com/pages/miscellaneous/agile-board.html]
[adminbsb-sensitive.firebaseapp.com/pages/miscellaneous/bootstrap-tour.html]
[adminbsb-sensitive.firebaseapp.com/pages/miscellaneous/calendar.html]
[adminbsb-sensitive.firebaseapp.com/pages/miscellaneous/chat-dashboard.html]
[adminbsb-sensitive.firebaseapp.com/pages/miscellaneous/code-editor.html]
[adminbsb-sensitive.firebaseapp.com/pages/miscellaneous/faq.html]
[adminbsb-sensitive.firebaseapp.com/pages/miscellaneous/favicon-bubble.html]
[adminbsb-sensitive.firebaseapp.com/pages/miscellaneous/file-manager.html]
[adminbsb-sensitive.firebaseapp.com/pages/miscellaneous/i18n.html]
[adminbsb-sensitive.firebaseapp.com/pages/miscellaneous/idle-timer.html]
[adminbsb-sensitive.firebaseapp.com/pages/miscellaneous/password-strength-meter.html]
[adminbsb-sensitive.firebaseapp.com/pages/miscellaneous/text-diff.html]
[adminbsb-sensitive.firebaseapp.com/pages/miscellaneous/todo-list.html]
[adminbsb-sensitive.firebaseapp.com/pages/miscellaneous/tree-view.html]
[adminbsb-sensitive.firebaseapp.com/pages/blog/single-post.html]
[adminbsb-sensitive.firebaseapp.com/pages/blog/posts.html]
[adminbsb-sensitive.firebaseapp.com/pages/ecommerce/cart.html]
[adminbsb-sensitive.firebaseapp.com/pages/ecommerce/orders.html]
[adminbsb-sensitive.firebaseapp.com/pages/ecommerce/payment.html]
[adminbsb-sensitive.firebaseapp.com/pages/ecommerce/pricing-table.html]
[adminbsb-sensitive.firebaseapp.com/pages/ecommerce/product-detail.html]
[adminbsb-sensitive.firebaseapp.com/pages/ecommerce/product-edit.html]
[adminbsb-sensitive.firebaseapp.com/pages/ecommerce/product-grid.html]
[adminbsb-sensitive.firebaseapp.com/pages/ecommerce/product-list.html]
[adminbsb-sensitive.firebaseapp.com/pages/changelogs.html]
[adminbsb-sensitive.firebaseapp.com/documents/index.html]
[adminbsb-sensitive.firebaseapp.com/assets/images/avatars/face3.jpg]
[adminbsb-sensitive.firebaseapp.com/assets/plugins/jquery/dist/jquery.min.js]
[adminbsb-sensitive.firebaseapp.com/assets/plugins/jquery-ui/jquery-ui.js]
[adminbsb-sensitive.firebaseapp.com/assets/plugins/bootstrap/dist/js/bootstrap.min.js]
[adminbsb-sensitive.firebaseapp.com/assets/plugins/pace/pace.js]
[adminbsb-sensitive.firebaseapp.com/assets/plugins/screenfull/src/screenfull.js]
[adminbsb-sensitive.firebaseapp.com/assets/plugins/metisMenu/dist/metisMenu.js]
[adminbsb-sensitive.firebaseapp.com/assets/plugins/jquery-slimscroll/jquery.slimscroll.js]
[adminbsb-sensitive.firebaseapp.com/assets/plugins/switchery/dist/switchery.js]
[adminbsb-sensitive.firebaseapp.com/assets/plugins/jquery-sparkline/dist/jquery.sparkline.js]
[adminbsb-sensitive.firebaseapp.com/assets/plugins/flot/jquery.flot.js]
[adminbsb-sensitive.firebaseapp.com/assets/plugins/iCheck/icheck.js]
[adminbsb-sensitive.firebaseapp.com/assets/plugins/flot-spline/js/jquery.flot.spline.js]
[adminbsb-sensitive.firebaseapp.com/assets/plugins/flot/jquery.flot.pie.js]
[adminbsb-sensitive.firebaseapp.com/assets/plugins/flot/jquery.flot.categories.js]
[adminbsb-sensitive.firebaseapp.com/assets/plugins/flot/jquery.flot.time.js]
[adminbsb-sensitive.firebaseapp.com/assets/plugins/DataTables/media/js/jquery.dataTables.js]
[adminbsb-sensitive.firebaseapp.com/assets/plugins/DataTables/media/js/dataTables.bootstrap.js]
[adminbsb-sensitive.firebaseapp.com/assets/plugins/DataTables/extensions/export/dataTables.buttons.min.js]
[adminbsb-sensitive.firebaseapp.com/assets/plugins/DataTables/extensions/export/buttons.bootstrap.min.js]
[adminbsb-sensitive.firebaseapp.com/assets/plugins/DataTables/extensions/export/buttons.flash.min.js]
[adminbsb-sensitive.firebaseapp.com/assets/plugins/DataTables/extensions/export/jszip.min.js]
[adminbsb-sensitive.firebaseapp.com/assets/plugins/DataTables/extensions/export/pdfmake.min.js]
[adminbsb-sensitive.firebaseapp.com/assets/plugins/DataTables/extensions/export/buttons.html5.min.js]
[adminbsb-sensitive.firebaseapp.com/assets/plugins/DataTables/extensions/export/buttons.print.min.js]
[adminbsb-sensitive.firebaseapp.com/assets/plugins/DataTables/extensions/export/vfs_fonts.js]
[adminbsb-sensitive.firebaseapp.com/assets/plugins/peity/jquery.peity.js]
[adminbsb-sensitive.firebaseapp.com/assets/js/admin.js]
[adminbsb-sensitive.firebaseapp.com/assets/js/pages/dashboard/dashboard.js]
[adminbsb-sensitive.firebaseapp.com/assets/js/google-analytics.js]
[adminbsb-sensitive.firebaseapp.com/index.html]
[adminbsb-sensitive.firebaseapp.com/assets/js/demo.js]
[adminbsb-sensitive.firebaseapp.com/assets/plugins/bootstrap/dist/fonts/glyphicons-halflings-regular.eot]
[adminbsb-sensitive.firebaseapp.com/assets/plugins/bootstrap/dist/fonts/glyphicons-halflings-regulard41d.eot]
[adminbsb-sensitive.firebaseapp.com/assets/plugins/bootstrap/dist/fonts/glyphicons-halflings-regular.woff2]
[adminbsb-sensitive.firebaseapp.com/assets/plugins/bootstrap/dist/fonts/glyphicons-halflings-regular.woff]
[adminbsb-sensitive.firebaseapp.com/assets/plugins/bootstrap/dist/fonts/glyphicons-halflings-regular.ttf]
[adminbsb-sensitive.firebaseapp.com/assets/plugins/bootstrap/dist/css/bootstrap.css]
[adminbsb-sensitive.firebaseapp.com/assets/plugins/animate-css/animate.css]
[adminbsb-sensitive.firebaseapp.com/assets/plugins/bootstrap/dist/fonts/glyphicons-halflings-regular.svg]
[adminbsb-sensitive.firebaseapp.com/assets/plugins/font-awesome/fonts/fontawesome-webfont3e6e.eot]
[adminbsb-sensitive.firebaseapp.com/assets/plugins/font-awesome/fonts/fontawesome-webfontd41d.eot]
[adminbsb-sensitive.firebaseapp.com/assets/plugins/font-awesome/fonts/fontawesome-webfont3e6e.woff2]
[adminbsb-sensitive.firebaseapp.com/assets/plugins/font-awesome/fonts/fontawesome-webfont3e6e.woff]
[adminbsb-sensitive.firebaseapp.com/assets/plugins/font-awesome/fonts/fontawesome-webfont3e6e.ttf]
[adminbsb-sensitive.firebaseapp.com/assets/plugins/font-awesome/css/font-awesome.min.css]
[adminbsb-sensitive.firebaseapp.com/assets/plugins/font-awesome/fonts/fontawesome-webfont3e6e.svg]
[adminbsb-sensitive.firebaseapp.com/assets/plugins/iCheck/skins/flat/flat.png]
[adminbsb-sensitive.firebaseapp.com/assets/plugins/iCheck/skins/flat/flat@2x.png]
[adminbsb-sensitive.firebaseapp.com/assets/plugins/iCheck/skins/flat/red.png]
[adminbsb-sensitive.firebaseapp.com/assets/plugins/iCheck/skins/flat/red@2x.png]
[adminbsb-sensitive.firebaseapp.com/assets/plugins/iCheck/skins/flat/green.png]
[adminbsb-sensitive.firebaseapp.com/assets/plugins/iCheck/skins/flat/green@2x.png]
[adminbsb-sensitive.firebaseapp.com/assets/plugins/iCheck/skins/flat/blue.png]
[adminbsb-sensitive.firebaseapp.com/assets/plugins/iCheck/skins/flat/blue@2x.png]
[adminbsb-sensitive.firebaseapp.com/assets/plugins/iCheck/skins/flat/aero.png]
[adminbsb-sensitive.firebaseapp.com/assets/plugins/iCheck/skins/flat/aero@2x.png]
[adminbsb-sensitive.firebaseapp.com/assets/plugins/iCheck/skins/flat/grey.png]
[adminbsb-sensitive.firebaseapp.com/assets/plugins/iCheck/skins/flat/grey@2x.png]
[adminbsb-sensitive.firebaseapp.com/assets/plugins/iCheck/skins/flat/orange.png]
[adminbsb-sensitive.firebaseapp.com/assets/plugins/iCheck/skins/flat/orange@2x.png]
[adminbsb-sensitive.firebaseapp.com/assets/plugins/iCheck/skins/flat/yellow.png]
[adminbsb-sensitive.firebaseapp.com/assets/plugins/iCheck/skins/flat/yellow@2x.png]
[adminbsb-sensitive.firebaseapp.com/assets/plugins/iCheck/skins/flat/pink.png]
[adminbsb-sensitive.firebaseapp.com/assets/plugins/iCheck/skins/flat/pink@2x.png]
[adminbsb-sensitive.firebaseapp.com/assets/plugins/iCheck/skins/flat/purple.png]
[adminbsb-sensitive.firebaseapp.com/assets/plugins/iCheck/skins/flat/_all.css]
[adminbsb-sensitive.firebaseapp.com/assets/plugins/iCheck/skins/flat/purple@2x.png]
[adminbsb-sensitive.firebaseapp.com/assets/plugins/switchery/dist/switchery.css]
[adminbsb-sensitive.firebaseapp.com/assets/plugins/metisMenu/dist/metisMenu.css]
[adminbsb-sensitive.firebaseapp.com/assets/plugins/DataTables/media/css/dataTables.bootstrap.css]
[adminbsb-sensitive.firebaseapp.com/assets/plugins/pace/themes/white/pace-theme-flash.css]
[adminbsb-sensitive.firebaseapp.com/assets/images/bg-pattern.png]
[adminbsb-sensitive.firebaseapp.com/assets/images/signin-bg.jpg]
[adminbsb-sensitive.firebaseapp.com/assets/images/signup-bg.jpg]
[adminbsb-sensitive.firebaseapp.com/assets/images/forgot-password-bg.jpg]
[adminbsb-sensitive.firebaseapp.com/assets/css/style.css]
[adminbsb-sensitive.firebaseapp.com/assets/css/themes/allthemes.css]
[adminbsb-sensitive.firebaseapp.com/assets/css/demo/setting-box.css]
[adminbsb-sensitive.firebaseapp.com/index-2.html]
[adminbsb-sensitive.firebaseapp.com/assets/images/cover-image.jpg]
[adminbsb-sensitive.firebaseapp.com/assets/images/maintenance-bg.jpg]
[adminbsb-sensitive.firebaseapp.com/assets/images/cropit-demo.jpg]
[adminbsb-sensitive.firebaseapp.com/assets/js/pages/miscellaneous/profile.js]
[adminbsb-sensitive.firebaseapp.com/pages/miscellaneous/profile.html]
[adminbsb-sensitive.firebaseapp.com/assets/plugins/bootstrap/dist/js/bootstrap.js]
[adminbsb-sensitive.firebaseapp.com/assets/plugins/moment/moment.js]
[adminbsb-sensitive.firebaseapp.com/assets/js/pages/examples/locked-screen.js]
[adminbsb-sensitive.firebaseapp.com/pages/examples/locked-screen.html]
[adminbsb-sensitive.firebaseapp.com/assets/js/pages/dashboard/dashboard_v2.js]
[adminbsb-sensitive.firebaseapp.com/pages/dashboard/dashboard-2.html]
[adminbsb-sensitive.firebaseapp.com/assets/plugins/skycons/skycons.js]
[adminbsb-sensitive.firebaseapp.com/assets/plugins/flot/jquery.flot.resize.js]
[adminbsb-sensitive.firebaseapp.com/assets/js/pages/dashboard/dashboard_v3.js]
[adminbsb-sensitive.firebaseapp.com/pages/dashboard/dashboard-3.html]
[adminbsb-sensitive.firebaseapp.com/assets/js/pages/dashboard/dashboard_v4.js]
[adminbsb-sensitive.firebaseapp.com/pages/dashboard/dashboard-4.html]
[adminbsb-sensitive.firebaseapp.com/assets/plugins/jvectormap/jquery-jvectormap.css]
[adminbsb-sensitive.firebaseapp.com/assets/plugins/jvectormap/jquery-jvectormap.js]
[adminbsb-sensitive.firebaseapp.com/assets/plugins/jvectormap/lib/jquery-mousewheel.js]
[adminbsb-sensitive.firebaseapp.com/assets/plugins/jvectormap/src/jvectormap.js]
[adminbsb-sensitive.firebaseapp.com/assets/plugins/jvectormap/src/abstract-element.js]
[adminbsb-sensitive.firebaseapp.com/assets/plugins/jvectormap/src/abstract-canvas-element.js]
[adminbsb-sensitive.firebaseapp.com/assets/plugins/jvectormap/src/abstract-shape-element.js]
[adminbsb-sensitive.firebaseapp.com/assets/plugins/jvectormap/src/svg-element.js]
[adminbsb-sensitive.firebaseapp.com/assets/plugins/jvectormap/src/svg-group-element.js]
[adminbsb-sensitive.firebaseapp.com/assets/plugins/jvectormap/src/svg-canvas-element.js]
[adminbsb-sensitive.firebaseapp.com/assets/plugins/jvectormap/src/svg-shape-element.js]
[adminbsb-sensitive.firebaseapp.com/assets/plugins/jvectormap/src/svg-path-element.js]
[adminbsb-sensitive.firebaseapp.com/assets/plugins/jvectormap/src/svg-circle-element.js]
[adminbsb-sensitive.firebaseapp.com/assets/plugins/jvectormap/src/svg-image-element.js]
[adminbsb-sensitive.firebaseapp.com/assets/plugins/jvectormap/src/svg-text-element.js]
[adminbsb-sensitive.firebaseapp.com/assets/plugins/jvectormap/src/vml-element.js]
[adminbsb-sensitive.firebaseapp.com/assets/plugins/jvectormap/src/vml-group-element.js]
[adminbsb-sensitive.firebaseapp.com/assets/plugins/jvectormap/src/vml-canvas-element.js]
[adminbsb-sensitive.firebaseapp.com/assets/plugins/jvectormap/src/vml-shape-element.js]
[adminbsb-sensitive.firebaseapp.com/assets/plugins/jvectormap/src/vml-path-element.js]
[adminbsb-sensitive.firebaseapp.com/assets/plugins/jvectormap/src/vml-circle-element.js]
[adminbsb-sensitive.firebaseapp.com/assets/plugins/jvectormap/src/vml-image-element.js]
[adminbsb-sensitive.firebaseapp.com/assets/plugins/jvectormap/src/map-object.js]
[adminbsb-sensitive.firebaseapp.com/assets/plugins/jvectormap/src/region.js]
[adminbsb-sensitive.firebaseapp.com/assets/plugins/jvectormap/src/marker.js]
[adminbsb-sensitive.firebaseapp.com/assets/plugins/jvectormap/src/vector-canvas.js]
[adminbsb-sensitive.firebaseapp.com/assets/plugins/jvectormap/src/simple-scale.js]
[adminbsb-sensitive.firebaseapp.com/assets/plugins/jvectormap/src/ordinal-scale.js]
[adminbsb-sensitive.firebaseapp.com/assets/plugins/jvectormap/src/numeric-scale.js]
[adminbsb-sensitive.firebaseapp.com/assets/plugins/jvectormap/src/color-scale.js]
[adminbsb-sensitive.firebaseapp.com/assets/plugins/jvectormap/src/legend.js]
[adminbsb-sensitive.firebaseapp.com/assets/plugins/jvectormap/src/data-series.js]
[adminbsb-sensitive.firebaseapp.com/assets/plugins/jvectormap/src/proj.js]
[adminbsb-sensitive.firebaseapp.com/assets/plugins/jvectormap/src/map.js]
[adminbsb-sensitive.firebaseapp.com/assets/plugins/jvectormap/tests/assets/jquery-jvectormap-world-mill-en.js]
[adminbsb-sensitive.firebaseapp.com/pages/dashboard/dashboard-5.html]
[adminbsb-sensitive.firebaseapp.com/assets/js/pages/dashboard/dashboard_v5.js]
[adminbsb-sensitive.firebaseapp.com/assets/js/pages/typography.js]
[adminbsb-sensitive.firebaseapp.com/pages/typography.html]
[adminbsb-sensitive.firebaseapp.com/assets/js/pages/helper-classes.js]
[adminbsb-sensitive.firebaseapp.com/pages/helper-classes.html]
[adminbsb-sensitive.firebaseapp.com/assets/plugins/jquery-countTo/jquery.countTo.js]
[adminbsb-sensitive.firebaseapp.com/assets/js/pages/widgets/infobox.js]
[adminbsb-sensitive.firebaseapp.com/pages/widgets/infobox/infobox-1.html]
[adminbsb-sensitive.firebaseapp.com/pages/widgets/infobox/infobox-2.html]
[adminbsb-sensitive.firebaseapp.com/pages/widgets/infobox/infobox-3.html]
[adminbsb-sensitive.firebaseapp.com/assets/js/pages/widgets/infobox-type-4.js]
[adminbsb-sensitive.firebaseapp.com/pages/widgets/infobox/infobox-4.html]
[adminbsb-sensitive.firebaseapp.com/assets/js/pages/widgets/infobox-type-5.js]
[adminbsb-sensitive.firebaseapp.com/pages/widgets/infobox/infobox-5.html]
[adminbsb-sensitive.firebaseapp.com/assets/js/pages/widgets/panel.js]
[adminbsb-sensitive.firebaseapp.com/pages/widgets/panels/basic.html]
[adminbsb-sensitive.firebaseapp.com/pages/widgets/panels/colored.html]
[adminbsb-sensitive.firebaseapp.com/assets/js/pages/widgets/draggable.js]
[adminbsb-sensitive.firebaseapp.com/pages/widgets/panels/draggable.html]
[adminbsb-sensitive.firebaseapp.com/pages/widgets/panels/no-header.html]
[adminbsb-sensitive.firebaseapp.com/assets/plugins/wait-me/src/waitMe.css]
[adminbsb-sensitive.firebaseapp.com/assets/plugins/wait-me/src/waitMe.js]
[adminbsb-sensitive.firebaseapp.com/assets/js/pages/widgets/panel-with-loading.js]
[adminbsb-sensitive.firebaseapp.com/pages/widgets/panels/panel-with-loading.html]
[adminbsb-sensitive.firebaseapp.com/assets/js/pages/widgets/weather-station.js]
[adminbsb-sensitive.firebaseapp.com/pages/widgets/weather-station.html]
[adminbsb-sensitive.firebaseapp.com/assets/js/pages/mailbox/inbox.js]
[adminbsb-sensitive.firebaseapp.com/pages/mailbox/inbox.html]
[adminbsb-sensitive.firebaseapp.com/assets/plugins/chosen/chosen.css]
[adminbsb-sensitive.firebaseapp.com/assets/plugins/summernote/dist/summernote.css]
[adminbsb-sensitive.firebaseapp.com/assets/plugins/chosen/chosen.jquery.js]
[adminbsb-sensitive.firebaseapp.com/assets/plugins/summernote/dist/summernote.js]
[adminbsb-sensitive.firebaseapp.com/assets/js/pages/mailbox/compose-email.js]
[adminbsb-sensitive.firebaseapp.com/pages/mailbox/compose-email.html]
[adminbsb-sensitive.firebaseapp.com/pages/email-templates/action.html]
[adminbsb-sensitive.firebaseapp.com/pages/email-templates/alert.html]
[adminbsb-sensitive.firebaseapp.com/pages/email-templates/billing.html]
[adminbsb-sensitive.firebaseapp.com/assets/js/pages/mailbox/email-templates.js]
[adminbsb-sensitive.firebaseapp.com/pages/mailbox/email-templates.html]
[adminbsb-sensitive.firebaseapp.com/assets/images/email-thumbs/email-thumb-1.jpg]
[adminbsb-sensitive.firebaseapp.com/assets/images/email-thumbs/email-thumb-2.jpg]
[adminbsb-sensitive.firebaseapp.com/assets/js/pages/mailbox/email-view.js]
[adminbsb-sensitive.firebaseapp.com/pages/mailbox/email-view.html]
[adminbsb-sensitive.firebaseapp.com/assets/images/agile-card-preview/agile-preview-1.jpg]
[adminbsb-sensitive.firebaseapp.com/assets/js/pages/mailbox/outlook-view.js]
[adminbsb-sensitive.firebaseapp.com/pages/mailbox/outlook-view.html]
[adminbsb-sensitive.firebaseapp.com/assets/js/pages/ui/ui.js]
[adminbsb-sensitive.firebaseapp.com/pages/ui/accordion.html]
[adminbsb-sensitive.firebaseapp.com/pages/ui/alerts.html]
[adminbsb-sensitive.firebaseapp.com/assets/images/animate-css-demo.jpg]
[adminbsb-sensitive.firebaseapp.com/assets/js/pages/ui/animations.js]
[adminbsb-sensitive.firebaseapp.com/pages/ui/animations.html]
[adminbsb-sensitive.firebaseapp.com/pages/ui/badges.html]
[adminbsb-sensitive.firebaseapp.com/pages/ui/breadcrumbs.html]
[adminbsb-sensitive.firebaseapp.com/pages/ui/buttons.html]
[adminbsb-sensitive.firebaseapp.com/pages/ui/collapse.html]
[adminbsb-sensitive.firebaseapp.com/pages/ui/colors.html]
[adminbsb-sensitive.firebaseapp.com/pages/ui/icons/font-awesome.html]
[adminbsb-sensitive.firebaseapp.com/assets/plugins/jquery2/jquery.min.js]
[adminbsb-sensitive.firebaseapp.com/pages/ui/icons/google-material-icons.html]
[adminbsb-sensitive.firebaseapp.com/assets/js/pages/ui/skycons.js]
[adminbsb-sensitive.firebaseapp.com/pages/ui/icons/skycons.html]
[adminbsb-sensitive.firebaseapp.com/pages/ui/labels.html]
[adminbsb-sensitive.firebaseapp.com/pages/ui/list-group.html]
[adminbsb-sensitive.firebaseapp.com/pages/ui/media-object.html]
[adminbsb-sensitive.firebaseapp.com/assets/images/avatars/face1.jpg]
[adminbsb-sensitive.firebaseapp.com/assets/js/pages/ui/modals.js]
[adminbsb-sensitive.firebaseapp.com/pages/ui/modals.html]
[adminbsb-sensitive.firebaseapp.com/assets/plugins/toastr/toastr.css]
[adminbsb-sensitive.firebaseapp.com/assets/plugins/toastr/toastr.js]
[adminbsb-sensitive.firebaseapp.com/assets/js/pages/ui/notifications.js]
[adminbsb-sensitive.firebaseapp.com/pages/ui/notifications.html]
[adminbsb-sensitive.firebaseapp.com/pages/ui/pagination-pager.html]
[adminbsb-sensitive.firebaseapp.com/pages/ui/progress-bars.html]
[adminbsb-sensitive.firebaseapp.com/assets/plugins/jquery-nestable/jquery.nestable.js]
[adminbsb-sensitive.firebaseapp.com/assets/js/pages/ui/sortable-nestable.js]
[adminbsb-sensitive.firebaseapp.com/pages/ui/sortable-nestable.html]
[adminbsb-sensitive.firebaseapp.com/pages/ui/tabs.html]
[adminbsb-sensitive.firebaseapp.com/assets/images/image-gallery/9.jpg]
[adminbsb-sensitive.firebaseapp.com/assets/images/image-gallery/10.jpg]
[adminbsb-sensitive.firebaseapp.com/assets/images/image-gallery/3.jpg]
[adminbsb-sensitive.firebaseapp.com/assets/images/image-gallery/4.jpg]
[adminbsb-sensitive.firebaseapp.com/assets/images/image-gallery/5.jpg]
[adminbsb-sensitive.firebaseapp.com/assets/images/image-gallery/6.jpg]
[adminbsb-sensitive.firebaseapp.com/assets/images/image-gallery/7.jpg]
[adminbsb-sensitive.firebaseapp.com/pages/ui/thumbnails.html]
[adminbsb-sensitive.firebaseapp.com/assets/images/image-gallery/8.jpg]
[adminbsb-sensitive.firebaseapp.com/assets/js/pages/ui/tooltips-popovers.js]
[adminbsb-sensitive.firebaseapp.com/pages/ui/tooltips-popovers.html]
[adminbsb-sensitive.firebaseapp.com/pages/ui/video.html]
[adminbsb-sensitive.firebaseapp.com/assets/plugins/iCheck/skins/minimal/_all.css]
[adminbsb-sensitive.firebaseapp.com/assets/plugins/iCheck/skins/square/_all.css]
[adminbsb-sensitive.firebaseapp.com/assets/plugins/bootstrap-select/dist/css/bootstrap-select.css]
[adminbsb-sensitive.firebaseapp.com/assets/plugins/eonasdan-bootstrap-datetimepicker/build/css/bootstrap-datetimepicker.css]
[adminbsb-sensitive.firebaseapp.com/assets/plugins/autosize/dist/autosize.js]
[adminbsb-sensitive.firebaseapp.com/assets/plugins/eonasdan-bootstrap-datetimepicker/src/js/bootstrap-datetimepicker.js]
[adminbsb-sensitive.firebaseapp.com/assets/plugins/bootstrap-select/dist/js/bootstrap-select.js]
[adminbsb-sensitive.firebaseapp.com/assets/js/pages/forms/basic-form-elements.js]
[adminbsb-sensitive.firebaseapp.com/pages/forms/basic-form-elements.html]
[adminbsb-sensitive.firebaseapp.com/assets/plugins/bootstrap-colorpicker/dist/css/bootstrap-colorpicker.css]
[adminbsb-sensitive.firebaseapp.com/assets/plugins/dropzone/dist/dropzone.css]
[adminbsb-sensitive.firebaseapp.com/assets/plugins/multiselect/css/multi-select.css]
[adminbsb-sensitive.firebaseapp.com/assets/plugins/jquery.spinner/dist/css/bootstrap-spinner.css]
[adminbsb-sensitive.firebaseapp.com/assets/plugins/bootstrap-tagsinput/dist/bootstrap-tagsinput.css]
[adminbsb-sensitive.firebaseapp.com/assets/plugins/select2/dist/css/select2.css]
[adminbsb-sensitive.firebaseapp.com/assets/plugins/bootstrap-daterangepicker/daterangepicker.css]
[adminbsb-sensitive.firebaseapp.com/assets/plugins/nouislider/distribute/nouislider.css]
[adminbsb-sensitive.firebaseapp.com/assets/plugins/ionrangeslider/css/ion.rangeSlider.css]
[adminbsb-sensitive.firebaseapp.com/assets/plugins/ionrangeslider/css/ion.rangeSlider.skinFlat.css]
[adminbsb-sensitive.firebaseapp.com/assets/plugins/bootstrap-colorpicker/dist/js/bootstrap-colorpicker.js]
[adminbsb-sensitive.firebaseapp.com/assets/plugins/dropzone/dist/dropzone.js]
[adminbsb-sensitive.firebaseapp.com/assets/plugins/jquery.inputmask/dist/jquery.inputmask.bundle.js]
[adminbsb-sensitive.firebaseapp.com/assets/plugins/multiselect/js/jquery.multi-select.js]
[adminbsb-sensitive.firebaseapp.com/assets/plugins/jquery.spinner/dist/js/jquery.spinner.js]
[adminbsb-sensitive.firebaseapp.com/assets/plugins/bootstrap-tagsinput/dist/bootstrap-tagsinput.js]
[adminbsb-sensitive.firebaseapp.com/assets/plugins/select2/dist/js/select2.js]
[adminbsb-sensitive.firebaseapp.com/assets/plugins/bootstrap-daterangepicker/daterangepicker.js]
[adminbsb-sensitive.firebaseapp.com/assets/plugins/wnumb/wNumb.js]
[adminbsb-sensitive.firebaseapp.com/assets/plugins/nouislider/distribute/nouislider.js]
[adminbsb-sensitive.firebaseapp.com/assets/plugins/ionrangeslider/js/ion.rangeSlider.js]
[adminbsb-sensitive.firebaseapp.com/assets/plugins/cropit/dist/jquery.cropit.js]
[adminbsb-sensitive.firebaseapp.com/assets/js/pages/forms/advanced-form-elements.js]
[adminbsb-sensitive.firebaseapp.com/pages/forms/advanced-form-elements.html]
[adminbsb-sensitive.firebaseapp.com/assets/plugins/jquery-validation/dist/jquery.validate.js]
[adminbsb-sensitive.firebaseapp.com/assets/js/pages/forms/form-examples.js]
[adminbsb-sensitive.firebaseapp.com/pages/forms/form-examples.html]
[adminbsb-sensitive.firebaseapp.com/assets/js/pages/forms/form-validation.js]
[adminbsb-sensitive.firebaseapp.com/pages/forms/form-validation.html]
[adminbsb-sensitive.firebaseapp.com/assets/plugins/jquery-steps/build/jquery.steps.js]
[adminbsb-sensitive.firebaseapp.com/assets/js/pages/forms/form-wizard.js]
[adminbsb-sensitive.firebaseapp.com/pages/forms/form-wizard.html]
[adminbsb-sensitive.firebaseapp.com/assets/plugins/ckeditor/ckeditor.js]
[adminbsb-sensitive.firebaseapp.com/assets/plugins/tinymce/tinymce.js]
[adminbsb-sensitive.firebaseapp.com/assets/js/pages/forms/editors.js]
[adminbsb-sensitive.firebaseapp.com/pages/forms/editors.html]
[adminbsb-sensitive.firebaseapp.com/assets/plugins/bootstrap3-typeahead/bootstrap3-typeahead.js]
[adminbsb-sensitive.firebaseapp.com/assets/js/pages/forms/autocomplete.js]
[adminbsb-sensitive.firebaseapp.com/pages/forms/autocomplete.html]
[adminbsb-sensitive.firebaseapp.com/assets/plugins/bootstrap-markdown/css/bootstrap-markdown.min.css]
[adminbsb-sensitive.firebaseapp.com/assets/plugins/markdown-js/dist/markdown.js]
[adminbsb-sensitive.firebaseapp.com/assets/plugins/bootstrap-markdown/js/bootstrap-markdown.js]
[adminbsb-sensitive.firebaseapp.com/assets/js/pages/forms/markdown.js]
[adminbsb-sensitive.firebaseapp.com/pages/forms/markdown.html]
[adminbsb-sensitive.firebaseapp.com/assets/js/pages/forms/image-cropper.js]
[adminbsb-sensitive.firebaseapp.com/pages/forms/image-cropper/image-cropper-1.html]
[adminbsb-sensitive.firebaseapp.com/assets/plugins/cropper/dist/cropper.css]
[adminbsb-sensitive.firebaseapp.com/assets/plugins/cropper/dist/cropper.js]
[adminbsb-sensitive.firebaseapp.com/assets/js/pages/forms/image-cropper-2.js]
[adminbsb-sensitive.firebaseapp.com/pages/forms/image-cropper/image-cropper-2.html]
[adminbsb-sensitive.firebaseapp.com/assets/js/pages/tables/normal-tables.js]
[adminbsb-sensitive.firebaseapp.com/pages/tables/normal-tables.html]
[adminbsb-sensitive.firebaseapp.com/assets/js/pages/tables/jquery-datatables.js]
[adminbsb-sensitive.firebaseapp.com/pages/tables/jquery-datatables.html]
[adminbsb-sensitive.firebaseapp.com/assets/plugins/editable-table/mindmup-editabletable.js]
[adminbsb-sensitive.firebaseapp.com/assets/js/pages/tables/editable-table.js]
[adminbsb-sensitive.firebaseapp.com/pages/tables/editable-table.html]
[adminbsb-sensitive.firebaseapp.com/assets/plugins/footable/compiled/footable.bootstrap.css]
[adminbsb-sensitive.firebaseapp.com/assets/plugins/footable/compiled/footable.js]
[adminbsb-sensitive.firebaseapp.com/assets/js/pages/tables/footable.js]
[adminbsb-sensitive.firebaseapp.com/pages/tables/footable.html]
[adminbsb-sensitive.firebaseapp.com/assets/images/image-gallery/11.jpg]
[adminbsb-sensitive.firebaseapp.com/assets/images/image-gallery/12.jpg]
[adminbsb-sensitive.firebaseapp.com/assets/images/image-gallery/19.jpg]
[adminbsb-sensitive.firebaseapp.com/assets/js/pages/medias/carousel.js]
[adminbsb-sensitive.firebaseapp.com/pages/medias/carousel.html]
[adminbsb-sensitive.firebaseapp.com/assets/plugins/slick-carousel/slick/slick.css]
[adminbsb-sensitive.firebaseapp.com/assets/plugins/slick-carousel/slick/slick-theme.css]
[adminbsb-sensitive.firebaseapp.com/assets/plugins/slick-carousel/slick/slick.js]
[adminbsb-sensitive.firebaseapp.com/assets/js/pages/medias/content-slider.js]
[adminbsb-sensitive.firebaseapp.com/pages/medias/content-slider.html]
[adminbsb-sensitive.firebaseapp.com/assets/plugins/masonry/dist/masonry.pkgd.js]
[adminbsb-sensitive.firebaseapp.com/assets/js/pages/medias/grid-masonry.js]
[adminbsb-sensitive.firebaseapp.com/pages/medias/grid-masonry.html]
[adminbsb-sensitive.firebaseapp.com/assets/plugins/cocoen/dist/css/cocoen.min.css]
[adminbsb-sensitive.firebaseapp.com/assets/images/comparison-image/after.jpg]
[adminbsb-sensitive.firebaseapp.com/assets/images/comparison-image/before.jpg]
[adminbsb-sensitive.firebaseapp.com/assets/plugins/cocoen/dist/js/cocoen.min.js]
[adminbsb-sensitive.firebaseapp.com/assets/js/pages/medias/image-comparison-slider.js]
[adminbsb-sensitive.firebaseapp.com/pages/medias/image-comparison-slider.html]
[adminbsb-sensitive.firebaseapp.com/assets/plugins/lightbox2/dist/css/lightbox.css]
[adminbsb-sensitive.firebaseapp.com/assets/images/image-gallery/1.jpg]
[adminbsb-sensitive.firebaseapp.com/assets/images/image-gallery/thumb/thumb-1.jpg]
[adminbsb-sensitive.firebaseapp.com/assets/images/image-gallery/2.jpg]
[adminbsb-sensitive.firebaseapp.com/assets/images/image-gallery/thumb/thumb-2.jpg]
[adminbsb-sensitive.firebaseapp.com/assets/images/image-gallery/thumb/thumb-3.jpg]
[adminbsb-sensitive.firebaseapp.com/assets/images/image-gallery/thumb/thumb-4.jpg]
[adminbsb-sensitive.firebaseapp.com/assets/images/image-gallery/thumb/thumb-5.jpg]
[adminbsb-sensitive.firebaseapp.com/assets/images/image-gallery/thumb/thumb-6.jpg]
[adminbsb-sensitive.firebaseapp.com/assets/images/image-gallery/thumb/thumb-7.jpg]
[adminbsb-sensitive.firebaseapp.com/assets/images/image-gallery/thumb/thumb-8.jpg]
[adminbsb-sensitive.firebaseapp.com/assets/images/image-gallery/thumb/thumb-9.jpg]
[adminbsb-sensitive.firebaseapp.com/assets/images/image-gallery/thumb/thumb-10.jpg]
[adminbsb-sensitive.firebaseapp.com/assets/images/image-gallery/thumb/thumb-11.jpg]
[adminbsb-sensitive.firebaseapp.com/assets/images/image-gallery/thumb/thumb-12.jpg]
[adminbsb-sensitive.firebaseapp.com/assets/images/image-gallery/13.jpg]
[adminbsb-sensitive.firebaseapp.com/assets/images/image-gallery/thumb/thumb-13.jpg]
[adminbsb-sensitive.firebaseapp.com/assets/images/image-gallery/14.jpg]
[adminbsb-sensitive.firebaseapp.com/assets/images/image-gallery/thumb/thumb-14.jpg]
[adminbsb-sensitive.firebaseapp.com/assets/images/image-gallery/15.jpg]
[adminbsb-sensitive.firebaseapp.com/assets/images/image-gallery/thumb/thumb-15.jpg]
[adminbsb-sensitive.firebaseapp.com/assets/images/image-gallery/16.jpg]
[adminbsb-sensitive.firebaseapp.com/assets/images/image-gallery/thumb/thumb-16.jpg]
[adminbsb-sensitive.firebaseapp.com/assets/images/image-gallery/17.jpg]
[adminbsb-sensitive.firebaseapp.com/assets/images/image-gallery/thumb/thumb-17.jpg]
[adminbsb-sensitive.firebaseapp.com/assets/images/image-gallery/18.jpg]
[adminbsb-sensitive.firebaseapp.com/assets/images/image-gallery/thumb/thumb-18.jpg]
[adminbsb-sensitive.firebaseapp.com/assets/images/image-gallery/thumb/thumb-19.jpg]
[adminbsb-sensitive.firebaseapp.com/assets/images/image-gallery/20.jpg]
[adminbsb-sensitive.firebaseapp.com/assets/images/image-gallery/thumb/thumb-20.jpg]
[adminbsb-sensitive.firebaseapp.com/assets/plugins/lightbox2/dist/js/lightbox.js]
[adminbsb-sensitive.firebaseapp.com/pages/medias/lightbox-image-gallery.html]
[adminbsb-sensitive.firebaseapp.com/assets/plugins/owl-carousel2/dist/assets/owl.carousel.css]
[adminbsb-sensitive.firebaseapp.com/assets/plugins/owl-carousel2/dist/assets/owl.theme.default.css]
[adminbsb-sensitive.firebaseapp.com/assets/plugins/owl-carousel2/dist/owl.carousel.js]
[adminbsb-sensitive.firebaseapp.com/assets/js/pages/medias/owl-carousel.js]
[adminbsb-sensitive.firebaseapp.com/pages/medias/owl-carousel.html]
[adminbsb-sensitive.firebaseapp.com/assets/plugins/morris.js/morris.css]
[adminbsb-sensitive.firebaseapp.com/assets/plugins/raphael/raphael.js]
[adminbsb-sensitive.firebaseapp.com/assets/plugins/morris.js/morris.js]
[adminbsb-sensitive.firebaseapp.com/assets/js/pages/charts/morris.js]
[adminbsb-sensitive.firebaseapp.com/pages/charts/morris.html]
[adminbsb-sensitive.firebaseapp.com/pages/charts/flot.html]
[adminbsb-sensitive.firebaseapp.com/assets/js/pages/charts/flot.js]
[adminbsb-sensitive.firebaseapp.com/assets/plugins/chartjs/dist/Chart.bundle.js]
[adminbsb-sensitive.firebaseapp.com/assets/js/pages/charts/chartjs.js]
[adminbsb-sensitive.firebaseapp.com/pages/charts/chartjs.html]
[adminbsb-sensitive.firebaseapp.com/assets/js/pages/charts/peity.js]
[adminbsb-sensitive.firebaseapp.com/pages/charts/peity.html]
[adminbsb-sensitive.firebaseapp.com/assets/plugins/rickshaw/vendor/d3.v3.js]
[adminbsb-sensitive.firebaseapp.com/assets/plugins/rickshaw/rickshaw.js]
[adminbsb-sensitive.firebaseapp.com/assets/js/pages/charts/rickshaw.js]
[adminbsb-sensitive.firebaseapp.com/pages/charts/rickshaw.html]
[adminbsb-sensitive.firebaseapp.com/assets/js/pages/charts/sparkline.js]
[adminbsb-sensitive.firebaseapp.com/pages/charts/sparkline.html]
[adminbsb-sensitive.firebaseapp.com/assets/plugins/jquery-knob/js/jquery.knob.js]
[adminbsb-sensitive.firebaseapp.com/assets/js/pages/charts/jquery-knob.js]
[adminbsb-sensitive.firebaseapp.com/pages/charts/jquery-knob.html]
[adminbsb-sensitive.firebaseapp.com/assets/plugins/c3/c3.css]
[adminbsb-sensitive.firebaseapp.com/assets/plugins/d3/d3.js]
[adminbsb-sensitive.firebaseapp.com/assets/plugins/c3/c3.js]
[adminbsb-sensitive.firebaseapp.com/assets/js/pages/charts/c3.js]
[adminbsb-sensitive.firebaseapp.com/pages/charts/c3.html]
[adminbsb-sensitive.firebaseapp.com/assets/js/pages/examples/signin.js]
[adminbsb-sensitive.firebaseapp.com/pages/examples/sign-in.html]
[adminbsb-sensitive.firebaseapp.com/assets/js/pages/examples/signup.js]
[adminbsb-sensitive.firebaseapp.com/pages/examples/sign-up.html]
[adminbsb-sensitive.firebaseapp.com/assets/js/pages/examples/forgot-password.js]
[adminbsb-sensitive.firebaseapp.com/pages/examples/forgot-password.html]
[adminbsb-sensitive.firebaseapp.com/assets/js/pages/examples/blank-page.js]
[adminbsb-sensitive.firebaseapp.com/pages/examples/blank-page.html]
[adminbsb-sensitive.firebaseapp.com/assets/plugins/countdown/dest/jquery.countdown.js]
[adminbsb-sensitive.firebaseapp.com/assets/js/pages/examples/maintenance.js]
[adminbsb-sensitive.firebaseapp.com/pages/examples/maintenance.html]
[adminbsb-sensitive.firebaseapp.com/assets/js/pages/examples/search-result.js]
[adminbsb-sensitive.firebaseapp.com/pages/examples/search-result.html]
[adminbsb-sensitive.firebaseapp.com/pages/examples/invoice-print.html]
[adminbsb-sensitive.firebaseapp.com/assets/js/pages/examples/invoice.js]
[adminbsb-sensitive.firebaseapp.com/pages/examples/invoice.html]
[adminbsb-sensitive.firebaseapp.com/assets/js/pages/examples/timeline.js]
[adminbsb-sensitive.firebaseapp.com/pages/examples/timeline.html]
[adminbsb-sensitive.firebaseapp.com/pages/examples/403.html]
[adminbsb-sensitive.firebaseapp.com/pages/examples/404.html]
[adminbsb-sensitive.firebaseapp.com/pages/examples/500.html]
[adminbsb-sensitive.firebaseapp.com/assets/plugins/gmaps/gmaps.js]
[adminbsb-sensitive.firebaseapp.com/assets/js/pages/maps/google-maps.js]
[adminbsb-sensitive.firebaseapp.com/pages/maps/google-maps.html]
[adminbsb-sensitive.firebaseapp.com/assets/js/pages/maps/yandex-maps.js]
[adminbsb-sensitive.firebaseapp.com/pages/maps/yandex-maps.html]
[adminbsb-sensitive.firebaseapp.com/assets/js/pages/maps/vector-map.js]
[adminbsb-sensitive.firebaseapp.com/pages/maps/vector-map.html]
[adminbsb-sensitive.firebaseapp.com/assets/js/pages/miscellaneous/contacts/contact-detail.js]
[adminbsb-sensitive.firebaseapp.com/pages/miscellaneous/contacts/contact-detail.html]
[adminbsb-sensitive.firebaseapp.com/assets/images/avatars/face10.jpg]
[adminbsb-sensitive.firebaseapp.com/assets/js/pages/miscellaneous/contacts/contact-grid.js]
[adminbsb-sensitive.firebaseapp.com/pages/miscellaneous/contacts/contact-grid.html]
[adminbsb-sensitive.firebaseapp.com/assets/js/pages/miscellaneous/contacts/contact-list.js]
[adminbsb-sensitive.firebaseapp.com/pages/miscellaneous/contacts/contact-list.html]
[adminbsb-sensitive.firebaseapp.com/assets/images/agile-card-preview/agile-preview-2.jpg]
[adminbsb-sensitive.firebaseapp.com/assets/js/pages/miscellaneous/agile-board.js]
[adminbsb-sensitive.firebaseapp.com/pages/miscellaneous/agile-board.html]
[adminbsb-sensitive.firebaseapp.com/assets/plugins/bootstrap-tour/build/css/bootstrap-tour.css]
[adminbsb-sensitive.firebaseapp.com/assets/plugins/bootstrap-tour/build/js/bootstrap-tour.js]
[adminbsb-sensitive.firebaseapp.com/assets/js/pages/miscellaneous/bootstrap-tour.js]
[adminbsb-sensitive.firebaseapp.com/pages/miscellaneous/bootstrap-tour.html]
[adminbsb-sensitive.firebaseapp.com/assets/plugins/fullcalendar/dist/fullcalendar.css]
[adminbsb-sensitive.firebaseapp.com/assets/plugins/fullcalendar/dist/fullcalendar.js]
[adminbsb-sensitive.firebaseapp.com/assets/js/pages/miscellaneous/calendar.js]
[adminbsb-sensitive.firebaseapp.com/pages/miscellaneous/calendar.html]
[adminbsb-sensitive.firebaseapp.com/assets/js/pages/miscellaneous/chat-dashboard.js]
[adminbsb-sensitive.firebaseapp.com/pages/miscellaneous/chat-dashboard.html]
[adminbsb-sensitive.firebaseapp.com/assets/plugins/SyntaxHighlighter/styles/shCore.css]
[adminbsb-sensitive.firebaseapp.com/assets/plugins/SyntaxHighlighter/styles/shThemeDefault.css]
[adminbsb-sensitive.firebaseapp.com/assets/plugins/SyntaxHighlighter/scripts/XRegExp.js]
[adminbsb-sensitive.firebaseapp.com/assets/plugins/SyntaxHighlighter/scripts/shCore.js]
[adminbsb-sensitive.firebaseapp.com/assets/plugins/SyntaxHighlighter/scripts/shAutoloader.js]
[adminbsb-sensitive.firebaseapp.com/assets/js/pages/miscellaneous/code-editor.js]
[adminbsb-sensitive.firebaseapp.com/pages/miscellaneous/code-editor.html]
[adminbsb-sensitive.firebaseapp.com/assets/js/pages/miscellaneous/faq.js]
[adminbsb-sensitive.firebaseapp.com/pages/miscellaneous/faq.html]
[adminbsb-sensitive.firebaseapp.com/assets/plugins/tinycon/tinycon.js]
[adminbsb-sensitive.firebaseapp.com/assets/js/pages/miscellaneous/favicon-bubble.js]
[adminbsb-sensitive.firebaseapp.com/pages/miscellaneous/favicon-bubble.html]
[adminbsb-sensitive.firebaseapp.com/assets/plugins/jstree/dist/themes/default/style.css]
[adminbsb-sensitive.firebaseapp.com/assets/plugins/jstree/dist/jstree.js]
[adminbsb-sensitive.firebaseapp.com/assets/js/pages/miscellaneous/file-manager.js]
[adminbsb-sensitive.firebaseapp.com/pages/miscellaneous/file-manager.html]
[adminbsb-sensitive.firebaseapp.com/assets/plugins/i18next-1.11.2/i18next-1.11.2.js]
[adminbsb-sensitive.firebaseapp.com/assets/js/pages/miscellaneous/i18n.js]
[adminbsb-sensitive.firebaseapp.com/pages/miscellaneous/i18n.html]
[adminbsb-sensitive.firebaseapp.com/assets/plugins/jquery-idletimer/dist/idle-timer.js]
[adminbsb-sensitive.firebaseapp.com/assets/js/pages/miscellaneous/idle-timer.js]
[adminbsb-sensitive.firebaseapp.com/pages/miscellaneous/idle-timer.html]
[adminbsb-sensitive.firebaseapp.com/assets/plugins/zxcvbn/dist/zxcvbn.js]
[adminbsb-sensitive.firebaseapp.com/assets/js/pages/miscellaneous/password-strength-meter.js]
[adminbsb-sensitive.firebaseapp.com/pages/miscellaneous/password-strength-meter.html]
[adminbsb-sensitive.firebaseapp.com/assets/plugins/diff-match-patch/diff-match-patch.js]
[adminbsb-sensitive.firebaseapp.com/assets/plugins/pretty-text-diff/jquery.pretty-text-diff.js]
[adminbsb-sensitive.firebaseapp.com/assets/js/pages/miscellaneous/text-diff.js]
[adminbsb-sensitive.firebaseapp.com/pages/miscellaneous/text-diff.html]
[adminbsb-sensitive.firebaseapp.com/assets/js/pages/miscellaneous/todo-list.js]
[adminbsb-sensitive.firebaseapp.com/pages/miscellaneous/todo-list.html]
[adminbsb-sensitive.firebaseapp.com/assets/js/pages/miscellaneous/tree-view.js]
[adminbsb-sensitive.firebaseapp.com/pages/miscellaneous/tree-view.html]
[adminbsb-sensitive.firebaseapp.com/assets/js/pages/blog/post.js]
[adminbsb-sensitive.firebaseapp.com/pages/blog/single-post.html]
[adminbsb-sensitive.firebaseapp.com/pages/blog/posts.html]
[adminbsb-sensitive.firebaseapp.com/assets/js/pages/ecommerce/cart.js]
[adminbsb-sensitive.firebaseapp.com/pages/ecommerce/cart.html]
[adminbsb-sensitive.firebaseapp.com/assets/js/pages/ecommerce/orders.js]
[adminbsb-sensitive.firebaseapp.com/pages/ecommerce/orders.html]
[adminbsb-sensitive.firebaseapp.com/assets/js/pages/ecommerce/ecommerce.js]
[adminbsb-sensitive.firebaseapp.com/pages/ecommerce/payment.html]
[adminbsb-sensitive.firebaseapp.com/pages/ecommerce/pricing-table.html]
[adminbsb-sensitive.firebaseapp.com/assets/images/ecommerce/product-detail/large/product1.jpg]
[adminbsb-sensitive.firebaseapp.com/assets/images/ecommerce/product-detail/product1.jpg]
[adminbsb-sensitive.firebaseapp.com/assets/images/ecommerce/product-detail/large/product2.jpg]
[adminbsb-sensitive.firebaseapp.com/assets/images/ecommerce/product-detail/product2.jpg]
[adminbsb-sensitive.firebaseapp.com/assets/images/ecommerce/product-detail/large/product3.jpg]
[adminbsb-sensitive.firebaseapp.com/assets/images/ecommerce/product-detail/product3.jpg]
[adminbsb-sensitive.firebaseapp.com/assets/images/ecommerce/product-detail/large/product4.jpg]
[adminbsb-sensitive.firebaseapp.com/assets/images/ecommerce/product-detail/product4.jpg]
[adminbsb-sensitive.firebaseapp.com/assets/images/ecommerce/product-detail/large/product5.jpg]
[adminbsb-sensitive.firebaseapp.com/assets/images/ecommerce/product-detail/product5.jpg]
[adminbsb-sensitive.firebaseapp.com/assets/images/ecommerce/product-detail/large/product6.jpg]
[adminbsb-sensitive.firebaseapp.com/assets/images/ecommerce/product-detail/product6.jpg]
[adminbsb-sensitive.firebaseapp.com/assets/images/ecommerce/product-detail/large/product7.jpg]
[adminbsb-sensitive.firebaseapp.com/assets/images/ecommerce/product-detail/product7.jpg]
[adminbsb-sensitive.firebaseapp.com/assets/images/ecommerce/product-detail/large/product8.jpg]
[adminbsb-sensitive.firebaseapp.com/assets/images/ecommerce/product-detail/product8.jpg]
[adminbsb-sensitive.firebaseapp.com/assets/images/ecommerce/product-detail/thumb/product1.jpg]
[adminbsb-sensitive.firebaseapp.com/assets/images/ecommerce/product-detail/thumb/product2.jpg]
[adminbsb-sensitive.firebaseapp.com/assets/images/ecommerce/product-detail/thumb/product3.jpg]
[adminbsb-sensitive.firebaseapp.com/assets/images/ecommerce/product-detail/thumb/product4.jpg]
[adminbsb-sensitive.firebaseapp.com/assets/images/ecommerce/product-detail/thumb/product5.jpg]
[adminbsb-sensitive.firebaseapp.com/assets/images/ecommerce/product-detail/thumb/product6.jpg]
[adminbsb-sensitive.firebaseapp.com/assets/images/ecommerce/product-detail/thumb/product7.jpg]
[adminbsb-sensitive.firebaseapp.com/assets/images/ecommerce/product-detail/thumb/product8.jpg]
[adminbsb-sensitive.firebaseapp.com/assets/js/pages/ecommerce/product-detail.js]
[adminbsb-sensitive.firebaseapp.com/pages/ecommerce/product-detail.html]
[adminbsb-sensitive.firebaseapp.com/assets/js/pages/ecommerce/product-edit.js]
[adminbsb-sensitive.firebaseapp.com/pages/ecommerce/product-edit.html]
[adminbsb-sensitive.firebaseapp.com/assets/images/ecommerce/products/product-1.jpg]
[adminbsb-sensitive.firebaseapp.com/assets/images/ecommerce/products/product-2.jpg]
[adminbsb-sensitive.firebaseapp.com/assets/images/ecommerce/products/product-3.jpg]
[adminbsb-sensitive.firebaseapp.com/assets/images/ecommerce/products/product-4.jpg]
[adminbsb-sensitive.firebaseapp.com/assets/images/ecommerce/products/product-5.jpg]
[adminbsb-sensitive.firebaseapp.com/assets/images/ecommerce/products/product-6.jpg]
[adminbsb-sensitive.firebaseapp.com/assets/images/ecommerce/products/product-7.jpg]
[adminbsb-sensitive.firebaseapp.com/pages/ecommerce/product-grid.html]
[adminbsb-sensitive.firebaseapp.com/assets/images/ecommerce/products/product-8.jpg]
[adminbsb-sensitive.firebaseapp.com/assets/js/pages/ecommerce/product-list.js]
[adminbsb-sensitive.firebaseapp.com/pages/ecommerce/product-list.html]
[adminbsb-sensitive.firebaseapp.com/assets/js/pages/changelogs.js]
[adminbsb-sensitive.firebaseapp.com/pages/changelogs.html]
[adminbsb-sensitive.firebaseapp.com/documents/css/documentation.css]
[adminbsb-sensitive.firebaseapp.com/assets/css/themes/theme-default.css]
[adminbsb-sensitive.firebaseapp.com/documents/=]
[adminbsb-sensitive.firebaseapp.com/documents/js/angular.min.js]
[adminbsb-sensitive.firebaseapp.com/documents/js/angular-route.min.js]
[adminbsb-sensitive.firebaseapp.com/documents/js/app.js]
[adminbsb-sensitive.firebaseapp.com/documents/index.html]
[adminbsb-sensitive.firebaseapp.com/assets/plugins/bootstrap/dist/fonts/glyphicons-halflings-regular.svg]
[adminbsb-sensitive.firebaseapp.com/assets/plugins/font-awesome/fonts/fontawesome-webfont3e6e.svg]
[adminbsb-sensitive.firebaseapp.com/assets/plugins/jvectormap/jquery-jvectormap.css]
[adminbsb-sensitive.firebaseapp.com/assets/plugins/wait-me/src/waitMe.css]
[adminbsb-sensitive.firebaseapp.com/assets/plugins/chosen/chosen-sprite.png]
[adminbsb-sensitive.firebaseapp.com/assets/plugins/chosen/chosen-sprite@2x.png]
[adminbsb-sensitive.firebaseapp.com/assets/plugins/chosen/chosen.css]
[adminbsb-sensitive.firebaseapp.com/assets/plugins/summernote/dist/font/summernotef534.eot]
[adminbsb-sensitive.firebaseapp.com/assets/plugins/summernote/dist/font/summernoted41d.eot]
[adminbsb-sensitive.firebaseapp.com/assets/plugins/summernote/dist/font/summernotef534.woff]
[adminbsb-sensitive.firebaseapp.com/assets/plugins/summernote/dist/summernote.css]
[adminbsb-sensitive.firebaseapp.com/assets/plugins/summernote/dist/font/summernotef534.ttf]
[adminbsb-sensitive.firebaseapp.com/assets/css/email-templates.css]
[adminbsb-sensitive.firebaseapp.com/pages/email-templates/action.html]
[adminbsb-sensitive.firebaseapp.com/pages/email-templates/alert.html]
[adminbsb-sensitive.firebaseapp.com/pages/email-templates/billing.html]
[adminbsb-sensitive.firebaseapp.com/assets/plugins/toastr/toastr.css]
[adminbsb-sensitive.firebaseapp.com/assets/plugins/iCheck/skins/minimal/minimal.png]
[adminbsb-sensitive.firebaseapp.com/assets/plugins/iCheck/skins/minimal/minimal@2x.png]
[adminbsb-sensitive.firebaseapp.com/assets/plugins/iCheck/skins/minimal/red.png]
[adminbsb-sensitive.firebaseapp.com/assets/plugins/iCheck/skins/minimal/red@2x.png]
[adminbsb-sensitive.firebaseapp.com/assets/plugins/iCheck/skins/minimal/green.png]
[adminbsb-sensitive.firebaseapp.com/assets/plugins/iCheck/skins/minimal/green@2x.png]
[adminbsb-sensitive.firebaseapp.com/assets/plugins/iCheck/skins/minimal/blue.png]
[adminbsb-sensitive.firebaseapp.com/assets/plugins/iCheck/skins/minimal/blue@2x.png]
[adminbsb-sensitive.firebaseapp.com/assets/plugins/iCheck/skins/minimal/aero.png]
[adminbsb-sensitive.firebaseapp.com/assets/plugins/iCheck/skins/minimal/aero@2x.png]
[adminbsb-sensitive.firebaseapp.com/assets/plugins/iCheck/skins/minimal/grey.png]
[adminbsb-sensitive.firebaseapp.com/assets/plugins/iCheck/skins/minimal/grey@2x.png]
[adminbsb-sensitive.firebaseapp.com/assets/plugins/iCheck/skins/minimal/orange.png]
[adminbsb-sensitive.firebaseapp.com/assets/plugins/iCheck/skins/minimal/orange@2x.png]
[adminbsb-sensitive.firebaseapp.com/assets/plugins/iCheck/skins/minimal/yellow.png]
[adminbsb-sensitive.firebaseapp.com/assets/plugins/iCheck/skins/minimal/yellow@2x.png]
[adminbsb-sensitive.firebaseapp.com/assets/plugins/iCheck/skins/minimal/pink.png]
[adminbsb-sensitive.firebaseapp.com/assets/plugins/iCheck/skins/minimal/pink@2x.png]
[adminbsb-sensitive.firebaseapp.com/assets/plugins/iCheck/skins/minimal/purple.png]
[adminbsb-sensitive.firebaseapp.com/assets/plugins/iCheck/skins/minimal/purple@2x.png]
[adminbsb-sensitive.firebaseapp.com/assets/plugins/iCheck/skins/minimal/_all.css]
[adminbsb-sensitive.firebaseapp.com/assets/plugins/iCheck/skins/square/square.png]
[adminbsb-sensitive.firebaseapp.com/assets/plugins/iCheck/skins/square/square@2x.png]
[adminbsb-sensitive.firebaseapp.com/assets/plugins/iCheck/skins/square/red.png]
[adminbsb-sensitive.firebaseapp.com/assets/plugins/iCheck/skins/square/red@2x.png]
[adminbsb-sensitive.firebaseapp.com/assets/plugins/iCheck/skins/square/green.png]
[adminbsb-sensitive.firebaseapp.com/assets/plugins/iCheck/skins/square/green@2x.png]
[adminbsb-sensitive.firebaseapp.com/assets/plugins/iCheck/skins/square/blue.png]
[adminbsb-sensitive.firebaseapp.com/assets/plugins/iCheck/skins/square/blue@2x.png]
[adminbsb-sensitive.firebaseapp.com/assets/plugins/iCheck/skins/square/aero.png]
[adminbsb-sensitive.firebaseapp.com/assets/plugins/iCheck/skins/square/aero@2x.png]
[adminbsb-sensitive.firebaseapp.com/assets/plugins/iCheck/skins/square/grey.png]
[adminbsb-sensitive.firebaseapp.com/assets/plugins/iCheck/skins/square/grey@2x.png]
[adminbsb-sensitive.firebaseapp.com/assets/plugins/iCheck/skins/square/orange.png]
[adminbsb-sensitive.firebaseapp.com/assets/plugins/iCheck/skins/square/orange@2x.png]
[adminbsb-sensitive.firebaseapp.com/assets/plugins/iCheck/skins/square/yellow.png]
[adminbsb-sensitive.firebaseapp.com/assets/plugins/iCheck/skins/square/yellow@2x.png]
[adminbsb-sensitive.firebaseapp.com/assets/plugins/iCheck/skins/square/pink.png]
[adminbsb-sensitive.firebaseapp.com/assets/plugins/iCheck/skins/square/pink@2x.png]
[adminbsb-sensitive.firebaseapp.com/assets/plugins/iCheck/skins/square/purple.png]
[adminbsb-sensitive.firebaseapp.com/assets/plugins/iCheck/skins/square/_all.css]
[adminbsb-sensitive.firebaseapp.com/assets/plugins/iCheck/skins/square/purple@2x.png]
[adminbsb-sensitive.firebaseapp.com/assets/plugins/bootstrap-select/dist/css/bootstrap-select.css]
[adminbsb-sensitive.firebaseapp.com/assets/plugins/eonasdan-bootstrap-datetimepicker/build/css/bootstrap-datetimepicker.css]
[adminbsb-sensitive.firebaseapp.com/assets/plugins/bootstrap-colorpicker/dist/img/bootstrap-colorpicker/saturation.png]
[adminbsb-sensitive.firebaseapp.com/assets/plugins/bootstrap-colorpicker/dist/img/bootstrap-colorpicker/hue.png]
[adminbsb-sensitive.firebaseapp.com/assets/plugins/bootstrap-colorpicker/dist/img/bootstrap-colorpicker/alpha.png]
[adminbsb-sensitive.firebaseapp.com/assets/plugins/bootstrap-colorpicker/dist/img/bootstrap-colorpicker/hue-horizontal.png]
[adminbsb-sensitive.firebaseapp.com/assets/plugins/bootstrap-colorpicker/dist/img/bootstrap-colorpicker/alpha-horizontal.png]
[adminbsb-sensitive.firebaseapp.com/assets/plugins/bootstrap-colorpicker/dist/css/bootstrap-colorpicker.css]
[adminbsb-sensitive.firebaseapp.com/assets/plugins/dropzone/dist/dropzone.css]
[adminbsb-sensitive.firebaseapp.com/assets/plugins/multiselect/css/multi-select.css]
[adminbsb-sensitive.firebaseapp.com/assets/plugins/jquery.spinner/dist/css/bootstrap-spinner.css]
[adminbsb-sensitive.firebaseapp.com/assets/plugins/bootstrap-tagsinput/dist/bootstrap-tagsinput.css]
[adminbsb-sensitive.firebaseapp.com/assets/plugins/select2/dist/css/select2.css]
[adminbsb-sensitive.firebaseapp.com/assets/plugins/bootstrap-daterangepicker/daterangepicker.css]
[adminbsb-sensitive.firebaseapp.com/assets/plugins/nouislider/distribute/nouislider.css]
[adminbsb-sensitive.firebaseapp.com/assets/plugins/ionrangeslider/css/ion.rangeSlider.css]
[adminbsb-sensitive.firebaseapp.com/assets/plugins/multiselect/img/switch.png]
[adminbsb-sensitive.firebaseapp.com/assets/plugins/ionrangeslider/img/sprite-skin-flat.png]
[adminbsb-sensitive.firebaseapp.com/assets/plugins/ionrangeslider/css/ion.rangeSlider.skinFlat.css]
[adminbsb-sensitive.firebaseapp.com/assets/plugins/bootstrap-markdown/css/bootstrap-markdown.min.css]
[adminbsb-sensitive.firebaseapp.com/assets/plugins/cropper/dist/cropper.css]
[adminbsb-sensitive.firebaseapp.com/assets/plugins/footable/compiled/footable.bootstrap.css]
[adminbsb-sensitive.firebaseapp.com/assets/plugins/slick-carousel/slick/slick.css]
[adminbsb-sensitive.firebaseapp.com/assets/plugins/slick-carousel/slick/ajax-loader.gif]
[adminbsb-sensitive.firebaseapp.com/assets/plugins/slick-carousel/slick/fonts/slick.eot]
[adminbsb-sensitive.firebaseapp.com/assets/plugins/slick-carousel/slick/fonts/slickd41d.eot]
[adminbsb-sensitive.firebaseapp.com/assets/plugins/slick-carousel/slick/fonts/slick.woff]
[adminbsb-sensitive.firebaseapp.com/assets/plugins/slick-carousel/slick/fonts/slick.ttf]
[adminbsb-sensitive.firebaseapp.com/assets/plugins/slick-carousel/slick/fonts/slick.svg]
[adminbsb-sensitive.firebaseapp.com/assets/plugins/slick-carousel/slick/slick-theme.css]
[adminbsb-sensitive.firebaseapp.com/assets/plugins/cocoen/dist/css/cocoen.min.css]
[adminbsb-sensitive.firebaseapp.com/assets/plugins/lightbox2/dist/images/close.png]
[adminbsb-sensitive.firebaseapp.com/assets/plugins/lightbox2/dist/images/loading.gif]
[adminbsb-sensitive.firebaseapp.com/assets/plugins/lightbox2/dist/images/prev.png]
[adminbsb-sensitive.firebaseapp.com/assets/plugins/lightbox2/dist/images/next.png]
[adminbsb-sensitive.firebaseapp.com/assets/plugins/lightbox2/dist/css/lightbox.css]
[adminbsb-sensitive.firebaseapp.com/assets/plugins/owl-carousel2/dist/assets/owl.carousel.css]
[adminbsb-sensitive.firebaseapp.com/assets/plugins/owl-carousel2/dist/assets/owl.theme.default.css]
[adminbsb-sensitive.firebaseapp.com/assets/plugins/morris.js/morris.css]
[adminbsb-sensitive.firebaseapp.com/assets/plugins/chartjs/dist/Chart.bundle.html]
[adminbsb-sensitive.firebaseapp.com/assets/plugins/c3/c3.css]
[adminbsb-sensitive.firebaseapp.com/pages/examples/invoice-print.html]
[adminbsb-sensitive.firebaseapp.com/assets/plugins/bootstrap-tour/build/css/bootstrap-tour.css]
[adminbsb-sensitive.firebaseapp.com/assets/plugins/fullcalendar/dist/fullcalendar.css]
[adminbsb-sensitive.firebaseapp.com/assets/plugins/SyntaxHighlighter/styles/shCore.css]
[adminbsb-sensitive.firebaseapp.com/assets/plugins/SyntaxHighlighter/styles/shThemeDefault.css]
[adminbsb-sensitive.firebaseapp.com/assets/plugins/owl-carousel2/dist/assets/owl.video.play.png]
[adminbsb-sensitive.firebaseapp.com/assets/plugins/jstree/dist/themes/default/32px.png]
[adminbsb-sensitive.firebaseapp.com/assets/plugins/jstree/dist/themes/default/throbber.gif]
[adminbsb-sensitive.firebaseapp.com/assets/plugins/jstree/dist/themes/default/40px.png]
[adminbsb-sensitive.firebaseapp.com/assets/plugins/jstree/dist/themes/default/style.css]
[adminbsb-sensitive.firebaseapp.com/documents/css/documentation.css]
[adminbsb-sensitive.firebaseapp.com/assets/css/themes/theme-default.css]
[adminbsb-sensitive.firebaseapp.com/documents/=.html]
[adminbsb-sensitive.firebaseapp.com/assets/css/email-templates.css]
[adminbsb-sensitive.firebaseapp.com/assets/plugins/slick-carousel/slick/fonts/slick.svg]
